{res1(2,15),res1(1,6),res2(2,15),res2(1,6),res3(2,6),res3(1,3),res4(2,15),res4(1,6),res5(2,15),res5(1,6),res6(2,6),res6(1,3)}
