{x,q(1),q(2)}
{y,q(1),q(2),p(1)}
{y,q(1),q(2),p(2)}
{y,q(1),q(2)}
