{x,q(1),q(2),q(3),q(4),q(5),r(5)}
{y,q(1),q(2),q(3),q(4),q(5),r(5),p(1),p(2),p(3)}
{y,q(1),q(2),q(3),q(4),q(5),r(5),p(1),p(2),p(4)}
{y,q(1),q(2),q(3),q(4),q(5),r(5),p(1),p(2)}
{y,q(1),q(2),q(3),q(4),q(5),r(5),p(1),p(3),p(4)}
{y,q(1),q(2),q(3),q(4),q(5),r(5),p(1),p(3)}
{y,q(1),q(2),q(3),q(4),q(5),r(5),p(1),p(4)}
{y,q(1),q(2),q(3),q(4),q(5),r(5),p(2),p(3),p(4)}
{y,q(1),q(2),q(3),q(4),q(5),r(5),p(2),p(3)}
{y,q(1),q(2),q(3),q(4),q(5),r(5),p(2),p(4)}
{y,q(1),q(2),q(3),q(4),q(5),r(5),p(3),p(4)}
