{x,y,d(1),d(2),d(3),p(1),p(2),q(1),q(2),q(3)}
{x,y,d(1),d(2),d(3),p(1),p(2),q(1),q(2)}
{x,y,d(1),d(2),d(3),p(1),p(2),q(1),q(3)}
{x,y,d(1),d(2),d(3),p(1),p(2),q(1)}
{x,y,d(1),d(2),d(3),p(1),p(2),q(2),q(3)}
{x,y,d(1),d(2),d(3),p(1),p(2),q(2)}
{x,y,d(1),d(2),d(3),p(1),p(2),q(3)}
{x,y,d(1),d(2),d(3),p(1),p(2)}
{x,y,d(1),d(2),d(3),q(1),q(2),q(3),p(3)}
{x,y,d(1),d(2),d(3),q(1),q(2),p(3)}
{x,y,d(1),d(2),d(3),q(1),q(3),p(3)}
{x,y,d(1),d(2),d(3),q(1),p(3)}
{x,y,d(1),d(2),d(3),q(2),q(3),p(3)}
{x,y,d(1),d(2),d(3),q(2),p(3)}
{x,y,d(1),d(2),d(3),q(3),p(3)}
{x,y,d(1),d(2),d(3),p(3)}
