{d(1),d(2),d(3),p(1),p(2),q(1),q(2),q(3),r(1),r(2)}
