{d(c1),d(c2),d(c3),d(c4),d(c5),d(c6),d(c7),d(c8),d(c9),d(c10),d(c11),d(c12),d(c13),d(c14),d(c15),d(c16),d(c17),d(c18),d(c19),d(c20),n_sel(c1),n_sel(c2),n_sel(c3),n_sel(c4),n_sel(c5),n_sel(c6),n_sel(c7),n_sel(c8),n_sel(c9),n_sel(c10),n_sel(c11),n_sel(c12),n_sel(c13),n_sel(c14),n_sel(c15),n_sel(c16),n_sel(c17),n_sel(c18),n_sel(c19),n_sel(c20)}
