0 grep -q "testplugin loaded with arguments \\['foo', '3'\\].*"
