{domain(a),domain(b),domain(c),domain(d),domain(e),domain(f),domain(g),sel(c),sel(e),nsel(a),nsel(b),nsel(d),nsel(f),nsel(g)}
{domain(a),domain(b),domain(c),domain(d),domain(e),domain(f),domain(g),sel(e),nsel(a),nsel(b),nsel(c),nsel(d),nsel(f),nsel(g)}
{domain(a),domain(b),domain(c),domain(d),domain(e),domain(f),domain(g),sel(e),sel(g),nsel(a),nsel(b),nsel(c),nsel(d),nsel(f)}
{domain(a),domain(b),domain(c),domain(d),domain(e),domain(f),domain(g),sel(d),sel(e),nsel(a),nsel(b),nsel(c),nsel(f),nsel(g)}
{domain(a),domain(b),domain(c),domain(d),domain(e),domain(f),domain(g),sel(e),sel(f),nsel(a),nsel(b),nsel(c),nsel(d),nsel(g)}
{domain(a),domain(b),domain(c),domain(d),domain(e),domain(f),domain(g),sel(c),nsel(a),nsel(b),nsel(d),nsel(e),nsel(f),nsel(g)}
{domain(a),domain(b),domain(c),domain(d),domain(e),domain(f),domain(g),sel(c),sel(g),nsel(a),nsel(b),nsel(d),nsel(e),nsel(f)}
{domain(a),domain(b),domain(c),domain(d),domain(e),domain(f),domain(g),nsel(a),nsel(b),nsel(c),nsel(d),nsel(e),nsel(f),nsel(g)}
{domain(a),domain(b),domain(c),domain(d),domain(e),domain(f),domain(g),sel(g),nsel(a),nsel(b),nsel(c),nsel(d),nsel(e),nsel(f)}
{domain(a),domain(b),domain(c),domain(d),domain(e),domain(f),domain(g),sel(d),nsel(a),nsel(b),nsel(c),nsel(e),nsel(f),nsel(g)}
{domain(a),domain(b),domain(c),domain(d),domain(e),domain(f),domain(g),sel(d),sel(g),nsel(a),nsel(b),nsel(c),nsel(e),nsel(f)}
{domain(a),domain(b),domain(c),domain(d),domain(e),domain(f),domain(g),sel(c),sel(d),nsel(a),nsel(b),nsel(e),nsel(f),nsel(g)}
{domain(a),domain(b),domain(c),domain(d),domain(e),domain(f),domain(g),sel(c),sel(f),nsel(a),nsel(b),nsel(d),nsel(e),nsel(g)}
{domain(a),domain(b),domain(c),domain(d),domain(e),domain(f),domain(g),sel(f),nsel(a),nsel(b),nsel(c),nsel(d),nsel(e),nsel(g)}
{domain(a),domain(b),domain(c),domain(d),domain(e),domain(f),domain(g),sel(f),sel(g),nsel(a),nsel(b),nsel(c),nsel(d),nsel(e)}
{domain(a),domain(b),domain(c),domain(d),domain(e),domain(f),domain(g),sel(d),sel(f),nsel(a),nsel(b),nsel(c),nsel(e),nsel(g)}
{domain(a),domain(b),domain(c),domain(d),domain(e),domain(f),domain(g),sel(b),sel(c),nsel(a),nsel(d),nsel(e),nsel(f),nsel(g)}
{domain(a),domain(b),domain(c),domain(d),domain(e),domain(f),domain(g),sel(b),nsel(a),nsel(c),nsel(d),nsel(e),nsel(f),nsel(g)}
{domain(a),domain(b),domain(c),domain(d),domain(e),domain(f),domain(g),sel(b),sel(f),nsel(a),nsel(c),nsel(d),nsel(e),nsel(g)}
{domain(a),domain(b),domain(c),domain(d),domain(e),domain(f),domain(g),sel(b),sel(g),nsel(a),nsel(c),nsel(d),nsel(e),nsel(f)}
{domain(a),domain(b),domain(c),domain(d),domain(e),domain(f),domain(g),sel(b),sel(d),nsel(a),nsel(c),nsel(e),nsel(f),nsel(g)}
{domain(a),domain(b),domain(c),domain(d),domain(e),domain(f),domain(g),sel(b),sel(e),nsel(a),nsel(c),nsel(d),nsel(f),nsel(g)}
{domain(a),domain(b),domain(c),domain(d),domain(e),domain(f),domain(g),sel(a),sel(b),nsel(c),nsel(d),nsel(e),nsel(f),nsel(g)}
{domain(a),domain(b),domain(c),domain(d),domain(e),domain(f),domain(g),sel(a),sel(g),nsel(b),nsel(c),nsel(d),nsel(e),nsel(f)}
{domain(a),domain(b),domain(c),domain(d),domain(e),domain(f),domain(g),sel(a),sel(d),nsel(b),nsel(c),nsel(e),nsel(f),nsel(g)}
{domain(a),domain(b),domain(c),domain(d),domain(e),domain(f),domain(g),sel(a),sel(c),nsel(b),nsel(d),nsel(e),nsel(f),nsel(g)}
{domain(a),domain(b),domain(c),domain(d),domain(e),domain(f),domain(g),sel(a),nsel(b),nsel(c),nsel(d),nsel(e),nsel(f),nsel(g)}
{domain(a),domain(b),domain(c),domain(d),domain(e),domain(f),domain(g),sel(a),sel(e),nsel(b),nsel(c),nsel(d),nsel(f),nsel(g)}
{domain(a),domain(b),domain(c),domain(d),domain(e),domain(f),domain(g),sel(a),sel(f),nsel(b),nsel(c),nsel(d),nsel(e),nsel(g)}
