{b(0,1),b(0,2)}
{b(0,1),b(0,2)}
{c(1),b(0,2),b(0,1)}
{c(1),b(0,2),b(0,1)}
{b(0,1),b(0,2)}
{c(1),b(0,2),b(0,1)}
{b(0,1),b(0,2)}
{c(1),b(0,2),b(0,1)}
