{a(b),d(0),d(1),num(1)}
{n_a(b),d(0),d(1),num(0)}
