{something(0),something(1),something(2),something(3),something(4),something(5),baz(0),baz(1),baz(2),baz(3),baz(4),baz(5),nbr(0)} <[1:1]>
{something(0),something(1),something(2),something(3),something(4),something(5),bar(5),baz(0),baz(1),baz(2),baz(3),baz(4),nbr(0)} <[1:1]>
{something(0),something(1),something(2),something(3),something(4),something(5),bar(4),baz(0),baz(1),baz(2),baz(3),baz(5),nbr(0)} <[1:1]>
{something(0),something(1),something(2),something(3),something(4),something(5),bar(4),bar(5),baz(0),baz(1),baz(2),baz(3),nbr(0)} <[1:1]>
{something(0),something(1),something(2),something(3),something(4),something(5),bar(3),baz(0),baz(1),baz(2),baz(4),baz(5),nbr(0)} <[1:1]>
{something(0),something(1),something(2),something(3),something(4),something(5),bar(3),bar(5),baz(0),baz(1),baz(2),baz(4),nbr(0)} <[1:1]>
{something(0),something(1),something(2),something(3),something(4),something(5),bar(3),bar(4),baz(0),baz(1),baz(2),baz(5),nbr(0)} <[1:1]>
{something(0),something(1),something(2),something(3),something(4),something(5),bar(3),bar(4),bar(5),baz(0),baz(1),baz(2),nbr(0)} <[1:1]>
{something(0),something(1),something(2),something(3),something(4),something(5),bar(2),baz(0),baz(1),baz(3),baz(4),baz(5),nbr(0)} <[1:1]>
{something(0),something(1),something(2),something(3),something(4),something(5),bar(2),bar(5),baz(0),baz(1),baz(3),baz(4),nbr(0)} <[1:1]>
{something(0),something(1),something(2),something(3),something(4),something(5),bar(2),bar(4),baz(0),baz(1),baz(3),baz(5),nbr(0)} <[1:1]>
{something(0),something(1),something(2),something(3),something(4),something(5),bar(2),bar(4),bar(5),baz(0),baz(1),baz(3),nbr(0)} <[1:1]>
{something(0),something(1),something(2),something(3),something(4),something(5),bar(2),bar(3),baz(0),baz(1),baz(4),baz(5),nbr(0)} <[1:1]>
{something(0),something(1),something(2),something(3),something(4),something(5),bar(2),bar(3),bar(5),baz(0),baz(1),baz(4),nbr(0)} <[1:1]>
{something(0),something(1),something(2),something(3),something(4),something(5),bar(2),bar(3),bar(4),baz(0),baz(1),baz(5),nbr(0)} <[1:1]>
{something(0),something(1),something(2),something(3),something(4),something(5),bar(2),bar(3),bar(4),bar(5),baz(0),baz(1),nbr(0)} <[1:1]>
{something(0),something(1),something(2),something(3),something(4),something(5),bar(1),baz(0),baz(2),baz(3),baz(4),baz(5),nbr(0)} <[1:1]>
{something(0),something(1),something(2),something(3),something(4),something(5),bar(1),bar(5),baz(0),baz(2),baz(3),baz(4),nbr(0)} <[1:1]>
{something(0),something(1),something(2),something(3),something(4),something(5),bar(1),bar(4),baz(0),baz(2),baz(3),baz(5),nbr(0)} <[1:1]>
{something(0),something(1),something(2),something(3),something(4),something(5),bar(1),bar(4),bar(5),baz(0),baz(2),baz(3),nbr(0)} <[1:1]>
{something(0),something(1),something(2),something(3),something(4),something(5),bar(1),bar(3),baz(0),baz(2),baz(4),baz(5),nbr(0)} <[1:1]>
{something(0),something(1),something(2),something(3),something(4),something(5),bar(1),bar(3),bar(5),baz(0),baz(2),baz(4),nbr(0)} <[1:1]>
{something(0),something(1),something(2),something(3),something(4),something(5),bar(1),bar(3),bar(4),baz(0),baz(2),baz(5),nbr(0)} <[1:1]>
{something(0),something(1),something(2),something(3),something(4),something(5),bar(1),bar(3),bar(4),bar(5),baz(0),baz(2),nbr(0)} <[1:1]>
{something(0),something(1),something(2),something(3),something(4),something(5),bar(1),bar(2),baz(0),baz(3),baz(4),baz(5),nbr(0)} <[1:1]>
{something(0),something(1),something(2),something(3),something(4),something(5),bar(1),bar(2),bar(5),baz(0),baz(3),baz(4),nbr(0)} <[1:1]>
{something(0),something(1),something(2),something(3),something(4),something(5),bar(1),bar(2),bar(4),baz(0),baz(3),baz(5),nbr(0)} <[1:1]>
{something(0),something(1),something(2),something(3),something(4),something(5),bar(1),bar(2),bar(4),bar(5),baz(0),baz(3),nbr(0)} <[1:1]>
{something(0),something(1),something(2),something(3),something(4),something(5),bar(1),bar(2),bar(3),baz(0),baz(4),baz(5),nbr(0)} <[1:1]>
{something(0),something(1),something(2),something(3),something(4),something(5),bar(1),bar(2),bar(3),bar(5),baz(0),baz(4),nbr(0)} <[1:1]>
{something(0),something(1),something(2),something(3),something(4),something(5),bar(1),bar(2),bar(3),bar(4),baz(0),baz(5),nbr(0)} <[1:1]>
{something(0),something(1),something(2),something(3),something(4),something(5),bar(1),bar(2),bar(3),bar(4),bar(5),baz(0),nbr(0)} <[1:1]>
{something(0),something(1),something(2),something(3),something(4),something(5),bar(0),baz(1),baz(2),baz(3),baz(4),baz(5),nbr(0)} <[1:1]>
{something(0),something(1),something(2),something(3),something(4),something(5),bar(0),bar(5),baz(1),baz(2),baz(3),baz(4),nbr(0)} <[1:1]>
{something(0),something(1),something(2),something(3),something(4),something(5),bar(0),bar(4),baz(1),baz(2),baz(3),baz(5),nbr(0)} <[1:1]>
{something(0),something(1),something(2),something(3),something(4),something(5),bar(0),bar(4),bar(5),baz(1),baz(2),baz(3),nbr(0)} <[1:1]>
{something(0),something(1),something(2),something(3),something(4),something(5),bar(0),bar(3),baz(1),baz(2),baz(4),baz(5),nbr(0)} <[1:1]>
{something(0),something(1),something(2),something(3),something(4),something(5),bar(0),bar(3),bar(5),baz(1),baz(2),baz(4),nbr(0)} <[1:1]>
{something(0),something(1),something(2),something(3),something(4),something(5),bar(0),bar(3),bar(4),baz(1),baz(2),baz(5),nbr(0)} <[1:1]>
{something(0),something(1),something(2),something(3),something(4),something(5),bar(0),bar(3),bar(4),bar(5),baz(1),baz(2),nbr(0)} <[1:1]>
{something(0),something(1),something(2),something(3),something(4),something(5),bar(0),bar(2),baz(1),baz(3),baz(4),baz(5),nbr(0)} <[1:1]>
{something(0),something(1),something(2),something(3),something(4),something(5),bar(0),bar(2),bar(5),baz(1),baz(3),baz(4),nbr(0)} <[1:1]>
{something(0),something(1),something(2),something(3),something(4),something(5),bar(0),bar(2),bar(4),baz(1),baz(3),baz(5),nbr(0)} <[1:1]>
{something(0),something(1),something(2),something(3),something(4),something(5),bar(0),bar(2),bar(4),bar(5),baz(1),baz(3),nbr(0)} <[1:1]>
{something(0),something(1),something(2),something(3),something(4),something(5),bar(0),bar(2),bar(3),baz(1),baz(4),baz(5),nbr(0)} <[1:1]>
{something(0),something(1),something(2),something(3),something(4),something(5),bar(0),bar(2),bar(3),bar(5),baz(1),baz(4),nbr(0)} <[1:1]>
{something(0),something(1),something(2),something(3),something(4),something(5),bar(0),bar(2),bar(3),bar(4),baz(1),baz(5),nbr(0)} <[1:1]>
{something(0),something(1),something(2),something(3),something(4),something(5),bar(0),bar(2),bar(3),bar(4),bar(5),baz(1),nbr(0)} <[1:1]>
{something(0),something(1),something(2),something(3),something(4),something(5),bar(0),bar(1),baz(2),baz(3),baz(4),baz(5),nbr(0)} <[1:1]>
{something(0),something(1),something(2),something(3),something(4),something(5),bar(0),bar(1),bar(5),baz(2),baz(3),baz(4),nbr(0)} <[1:1]>
{something(0),something(1),something(2),something(3),something(4),something(5),bar(0),bar(1),bar(4),baz(2),baz(3),baz(5),nbr(0)} <[1:1]>
{something(0),something(1),something(2),something(3),something(4),something(5),bar(0),bar(1),bar(4),bar(5),baz(2),baz(3),nbr(0)} <[1:1]>
{something(0),something(1),something(2),something(3),something(4),something(5),bar(0),bar(1),bar(3),baz(2),baz(4),baz(5),nbr(0)} <[1:1]>
{something(0),something(1),something(2),something(3),something(4),something(5),bar(0),bar(1),bar(3),bar(5),baz(2),baz(4),nbr(0)} <[1:1]>
{something(0),something(1),something(2),something(3),something(4),something(5),bar(0),bar(1),bar(3),bar(4),baz(2),baz(5),nbr(0)} <[1:1]>
{something(0),something(1),something(2),something(3),something(4),something(5),bar(0),bar(1),bar(3),bar(4),bar(5),baz(2),nbr(0)} <[1:1]>
{something(0),something(1),something(2),something(3),something(4),something(5),bar(0),bar(1),bar(2),baz(3),baz(4),baz(5),nbr(0)} <[1:1]>
{something(0),something(1),something(2),something(3),something(4),something(5),bar(0),bar(1),bar(2),bar(5),baz(3),baz(4),nbr(0)} <[1:1]>
{something(0),something(1),something(2),something(3),something(4),something(5),bar(0),bar(1),bar(2),bar(4),baz(3),baz(5),nbr(0)} <[1:1]>
{something(0),something(1),something(2),something(3),something(4),something(5),bar(0),bar(1),bar(2),bar(4),bar(5),baz(3),nbr(0)} <[1:1]>
{something(0),something(1),something(2),something(3),something(4),something(5),bar(0),bar(1),bar(2),bar(3),baz(4),baz(5),nbr(0)} <[1:1]>
{something(0),something(1),something(2),something(3),something(4),something(5),bar(0),bar(1),bar(2),bar(3),bar(5),baz(4),nbr(0)} <[1:1]>
{something(0),something(1),something(2),something(3),something(4),something(5),bar(0),bar(1),bar(2),bar(3),bar(4),baz(5),nbr(0)} <[1:1]>
{something(0),something(1),something(2),something(3),something(4),something(5),bar(0),bar(1),bar(2),bar(3),bar(4),bar(5),nbr(0)} <[1:1]>
